<!DOCTYPE html>
<html>
<head>
  <meta charset="utf-8" />
  <meta http-equiv="X-UA-Compatible" content="IE=edge" />

  <title>My Site Title</title>
  <meta name="description" content="Your website's description goes here.
">
  <meta name="keywords" content="" />

  <meta name="HandheldFriendly" content="True" />
  <meta name="viewport" content="width=device-width, initial-scale=1.0" />

  <link rel="shortcut icon" href="/favicon.ico">

  <link rel="stylesheet" type="text/css" href="/css/main.css" />
</head>
<body class="post-template">

  <header class="main-header">
    <div class="vertical">
      <div class="main-header-content">
        <h1 class="page-title">
          <a href="/">My Site Title</a>
        </h1>
      </div>
    </div>
  </header>

  <main id="content" class="content" role="main">
    

<article class="post">

  <header class="post-header">
    <h1 class="post-title">My First Post</h1>
    <section class="post-meta">
      <time class="post-date" datetime="1 January 2015">1 January 2015</time>
      <span>&middot; 
        <a href="/tag/meta/">meta</a>
      </span>
    </section>
  </header>

  <section class="post-content">
    <p>I used to collect string. Every day I'd find a piece and add it to my collection.</p>
<p>After a couple of years I had no room left. So I took out all the pieces of string and started weaving them together.</p>
<p>A few more years passed and I had myself a ball of yarn. I bring it with me, wherever I go. Me and my yarn.</p>

  </section>

  <footer class="post-footer">
  </footer>

</article>



    
  </main>

  <footer class="site-footer clearfix">
    <p class="footer-description">
      &copy; My Site Title
    </p>
    <p class="footer-published">
      joyfully published by <a href="https://github.com/reptar/reptar">Reptar</a>
    </p>
  </footer>

  <script type="text/javascript" src="/js/main.js"></script>
</body>
</html>
