<!DOCTYPE html>
<html>
<head>
  <meta charset="utf-8" />
  <meta http-equiv="X-UA-Compatible" content="IE=edge" />

  <title>My Site Title</title>
  <meta name="description" content="Your website's description goes here.
">
  <meta name="keywords" content="" />

  <meta name="HandheldFriendly" content="True" />
  <meta name="viewport" content="width=device-width, initial-scale=1.0" />

  <link rel="shortcut icon" href="/favicon.ico">

  <link rel="stylesheet" type="text/css" href="/css/main.css" />
</head>
<body class="post-template">

  <header class="main-header">
    <div class="vertical">
      <div class="main-header-content">
        <h1 class="page-title">
          <a href="/">My Site Title</a>
        </h1>
      </div>
    </div>
  </header>

  <main id="content" class="content" role="main">
    

<article class="post">

  <header class="post-header">
    <h1 class="post-title">Three is Company</h1>
    <section class="post-meta">
      <time class="post-date" datetime="1 June 2015">1 June 2015</time>
      <span>&middot; 
        <a href="/tag/meta/">meta</a>
      
        <a href="/tag/tv/">tv</a>
      </span>
    </section>
  </header>

  <section class="post-content">
    <p>When two single girls need a roommate to share their Santa Monica apartment, they decide to offer a room to the guy they find passed out in the bathtub after the going-away party for their last roommate. Hijinks ensue.</p>

  </section>

  <footer class="post-footer">
  </footer>

</article>



    
  </main>

  <footer class="site-footer clearfix">
    <p class="footer-description">
      &copy; My Site Title
    </p>
    <p class="footer-published">
      joyfully published by <a href="https://github.com/reptar/reptar">Reptar</a>
    </p>
  </footer>

  <script type="text/javascript" src="/js/main.js"></script>
</body>
</html>
