<!DOCTYPE html>
<html>
<head>
  <meta charset="utf-8" />
  <meta http-equiv="X-UA-Compatible" content="IE=edge" />

  <title>My Site Title</title>
  <meta name="description" content="Your website's description goes here.
">
  <meta name="keywords" content="" />

  <meta name="HandheldFriendly" content="True" />
  <meta name="viewport" content="width=device-width, initial-scale=1.0" />

  <link rel="shortcut icon" href="/favicon.ico">

  <link rel="stylesheet" type="text/css" href="/css/main-d8c1b45cda.css" />
</head>
<body class="post-template">

  <header class="main-header">
    <div class="vertical">
      <div class="main-header-content">
        <h1 class="page-title">
          <a href="/">My Site Title</a>
        </h1>
      </div>
    </div>
  </header>

  <main id="content" class="content" role="main">
    

<article class="post">

  <header class="post-header">
    <h1 class="post-title">Second Is The Best</h1>
    <section class="post-meta">
      <time class="post-date" datetime="1 April 2015">1 April 2015</time>
      <span>&middot; </span>
    </section>
  </header>

  <section class="post-content">
    <p>In economics, the theory of the second best concerns the situation when one or more optimality conditions cannot be satisfied. The economists Richard Lipsey and Kelvin Lancaster showed in 1956, that if one optimality condition in an economic model cannot be satisfied, it is possible that the next-best solution involves changing other variables away from the values that would otherwise be optimal. Politically, the theory implies that if it is infeasible to remove a particular market distortion, introducing a second (or more) market distortion may partially counteract the first, and lead to a more efficient outcome.</p>
<p><a href="https://en.wikipedia.org/wiki/Theory_of_the_second_best">Source</a>.</p>

  </section>

  <footer class="post-footer">
  </footer>

</article>



    
  </main>

  <footer class="site-footer clearfix">
    <p class="footer-description">
      &copy; My Site Title
    </p>
    <p class="footer-published">
      joyfully published by <a href="https://github.com/reptar/reptar">Reptar</a>
    </p>
  </footer>

  <script type="text/javascript" src="/js/main.js"></script>
</body>
</html>
