<!DOCTYPE html>
<html>
<head>
  <meta charset="utf-8" />
  <meta http-equiv="X-UA-Compatible" content="IE=edge" />

  <title>meta</title>
  <meta name="description" content="Your website's description goes here.
">
  <meta name="keywords" content="" />

  <meta name="HandheldFriendly" content="True" />
  <meta name="viewport" content="width=device-width, initial-scale=1.0" />

  <link rel="shortcut icon" href="/favicon.ico">

  <link rel="stylesheet" type="text/css" href="/css/main.css" />
</head>
<body class="tag-template ">

  <header class="main-header">
    <div class="vertical">
      <div class="main-header-content">
        <h1 class="page-title">
          <a href="/">meta</a>
        </h1>
      </div>
    </div>
  </header>

  <main id="content" class="content" role="main">
    


<article class="post">
  <header class="post-header">
    <h2 class="post-title">
      <a href="/three-is-company/">Three is Company</a>
    </h2>
  </header>
  <section class="post-excerpt">
    
    
  </section>
  <footer class="post-meta">
    <time class="post-date" datetime="1 June 2015">1 June 2015</time>
    &middot;
    <span>
      <a href="/tag/meta/">meta</a>
    
      <a href="/tag/tv/">tv</a>
    </span>
  </footer>
</article>

<article class="post">
  <header class="post-header">
    <h2 class="post-title">
      <a href="/my-first-post/">My First Post</a>
    </h2>
  </header>
  <section class="post-excerpt">
    
    
  </section>
  <footer class="post-meta">
    <time class="post-date" datetime="1 January 2015">1 January 2015</time>
    &middot;
    <span>
      <a href="/tag/meta/">meta</a>
    </span>
  </footer>
</article>




    
<nav class="pagination" role="navigation">
  

  <span class="page-number">1 of 1</span>

  
</nav>

  </main>

  <footer class="site-footer clearfix">
    <p class="footer-description">
      &copy; My Site Title
    </p>
    <p class="footer-published">
      joyfully published by <a href="https://github.com/reptar/reptar">Reptar</a>
    </p>
  </footer>

  <script type="text/javascript" src="/js/main.js"></script>
</body>
</html>
